10:23:42 **** Incremental Build of configuration Debug for project nema17_openLoopControl ****
make -j8 all 
arm-none-eabi-gcc "../Core/Src/main.c" -mcpu=cortex-m4 -std=gnu11 -g3 -DDEBUG -DUSE_HAL_DRIVER -DSTM32F411xE -c -I../USB_DEVICE/App -I../USB_DEVICE/Target -I../Core/Inc -I../Drivers/STM32F4xx_HAL_Driver/Inc -I../Drivers/STM32F4xx_HAL_Driver/Inc/Legacy -I../Middlewares/ST/STM32_USB_Device_Library/Core/Inc -I../Middlewares/ST/STM32_USB_Device_Library/Class/CDC/Inc -I../Drivers/CMSIS/Device/ST/STM32F4xx/Include -I../Drivers/CMSIS/Include -O0 -ffunction-sections -fdata-sections -Wall -fstack-usage -fcyclomatic-complexity -MMD -MP -MF"Core/Src/main.d" -MT"Core/Src/main.o" --specs=nano.specs -mfpu=fpv4-sp-d16 -mfloat-abi=hard -mthumb -o "Core/Src/main.o"
arm-none-eabi-gcc -o "nema17_openLoopControl.elf" @"objects.list"   -mcpu=cortex-m4 -T"C:\Users\MSN\Documents\GitHub\nema17_control\nema17_openLoopControl\STM32F411CEUX_FLASH.ld" --specs=nosys.specs -Wl,-Map="nema17_openLoopControl.map" -Wl,--gc-sections -static --specs=nano.specs -mfpu=fpv4-sp-d16 -mfloat-abi=hard -mthumb -Wl,--start-group -lc -lm -Wl,--end-group
Finished building target: nema17_openLoopControl.elf
 
arm-none-eabi-size   nema17_openLoopControl.elf 
arm-none-eabi-objdump -h -S  nema17_openLoopControl.elf  > "nema17_openLoopControl.list"
   text	   data	    bss	    dec	    hex	filename
  32496	    260	   8908	  41664	   a2c0	nema17_openLoopControl.elf
Finished building: default.size.stdout
 
Finished building: nema17_openLoopControl.list
 
